[investorrelations.contact.eg/index.html]
[backblue.gif]
[fade.gif]
[index.html]
[irfiles.technologyverse.com/themes/srwa/test2/img/cropped-icon-1-270x270.png]
[investorrelations.contact.eg/clients/srwa/dist/img/logo-en.png]
[irfiles.technologyverse.com/themes/srwa/working/css/main-ltr-new.css]
[investorrelations.contact.eg/en/at-a-glance.html]
[investorrelations.contact.eg/en/results-center.html]
[investorrelations.contact.eg/en/presentations-&-publications.html]
[investorrelations.contact.eg/en/News-&-Disclosures.html]
[investorrelations.contact.eg/en/board-&-shareholder-actions.html]
[investorrelations.contact.eg/en/share-and-corporate-information.html]
[investorrelations.contact.eg/en/leadership.html]
[investorrelations.contact.eg/en/securitization-issuances.html]
[investorrelations.contact.eg/en/sukuk-issuances.html]
[investorrelations.contact.eg/en/corporate-governance-reports.html]
[investorrelations.contact.eg/en/audit-reports.html]
[investorrelations.contact.eg/en/board-of-directors-reports.html]
[investorrelations.contact.eg/en/dividends.html]
[investorrelations.contact.eg/en/sarwa-life-insurance-money-market-fund.html]
[investorrelations.contact.eg/ar.html]
[irfiles.technologyverse.com/srwa/Securitization.jpg]
[irfiles.technologyverse.com/srwa/Sukuk.jpg]
[irfiles.technologyverse.com/srwa/Market-leadership.jpg]
[investorrelations.contact.eg/en/ir-contacts.html]
[investorrelations.contact.eg/clients/srwa/dist/img/award.svg]
[irfiles.technologyverse.com/themes/common/js/linq.min.js]
[investorrelations.contact.eg/clients/srwa/dist/img/award2.svg]
[irfiles.technologyverse.com/themes/srwa/working/js/master-new2.js]
[ajax.googleapis.com/ajax/libs/jquery/3.3.1/jquery.min.js]
[investorrelations.contact.eg/index.html]
[irfiles.technologyverse.com/themes/srwa/working/img/banner.png]
[irfiles.technologyverse.com/themes/srwa/working/img/stock-widget-bg.png]
[irfiles.technologyverse.com/themes/srwa/working/img/icons/ui-icons_444444_256x240.png]
[irfiles.technologyverse.com/themes/srwa/working/img/icons/ui-icons_555555_256x240.png]
[irfiles.technologyverse.com/themes/srwa/working/css/main-ltr-new.css]
[investorrelations.contact.eg/en.html]
[investorrelations.contact.eg/en/index.html]
[investorrelations.contact.eg/ar/at-a-glance.html]
[investorrelations.contact.eg/en/at-a-glance.html]
[investorrelations.contact.eg/ar/results-center.html]
[irfiles.technologyverse.com/themes/srwa/img/icons/pdf-icon.png]
[investorrelations.contact.eg/en/results-center.html]
[investorrelations.contact.eg/ar/presentations-&-publications.html]
[investorrelations.contact.eg/en/presentations-&-publications.html]
[investorrelations.contact.eg/ar/News-&-Disclosures.html]
[investorrelations.contact.eg/en/News-&-Disclosures.html]
[investorrelations.contact.eg/ar/board-&-shareholder-actions.html]
[investorrelations.contact.eg/en/board-&-shareholder-actions.html]
[investorrelations.contact.eg/ar/share-and-corporate-information.html]
[investorrelations.contact.eg/api/stockhistory.json]
[investorrelations.contact.eg/en/share-and-corporate-information.html]
[irfiles.technologyverse.com/themes/common/js/jquery-ui-1.11.2.min.js]
[investorrelations.contact.eg/ar/leadership.html]
[irfiles.technologyverse.com/srwa/Dr.-Manal-Hussein.jpg]
[irfiles.technologyverse.com/srwa/John-Saad.png]
[irfiles.technologyverse.com/srwa/hazem-barakat.png]
[irfiles.technologyverse.com/srwa/Ashraf-Zaki-IR.png]
[irfiles.technologyverse.com/srwa/mohamed-arafa-Ai-.jpg]
[irfiles.technologyverse.com/srwa/Mohamed-Sadek-IR.png]
[irfiles.technologyverse.com/srwa/00-Mostafa-Headshot.png]
[irfiles.technologyverse.com/srwa/00-Omar-Headshot.png]
[irfiles.technologyverse.com/srwa/Sherif-Salem-IR.png]
[irfiles.technologyverse.com/srwa/Zeinab-Hashem-Ai.jpg]
[investorrelations.contact.eg/en/leadership.html]
[investorrelations.contact.eg/ar/securitization-issuances.html]
[investorrelations.contact.eg/en/first-issuance.html]
[investorrelations.contact.eg/en/second-issuance.html]
[investorrelations.contact.eg/en/third-issuance.html]
[investorrelations.contact.eg/en/fourth-issuance.html]
[investorrelations.contact.eg/en/fifth-issuance.html]
[investorrelations.contact.eg/en/sixth-issuance.html]
[investorrelations.contact.eg/en/seventh-issuance.html]
[investorrelations.contact.eg/en/eighths-issuance.html]
[investorrelations.contact.eg/en/ninth-issuance.html]
[investorrelations.contact.eg/en/tenth-issuance.html]
[investorrelations.contact.eg/en/eleventh-issuance.html]
[investorrelations.contact.eg/en/twelfth-issuance.html]
[investorrelations.contact.eg/en/thirteenth-issuance.html]
[investorrelations.contact.eg/en/fourteenth-issuance.html]
[investorrelations.contact.eg/en/fifteenth-issuance.html]
[investorrelations.contact.eg/en/sixteenth-issuance.html]
[investorrelations.contact.eg/en/nineteenth-issuance.html]
[investorrelations.contact.eg/en/twentieth-issuance.html]
[investorrelations.contact.eg/en/twenty-second-issuance.html]
[investorrelations.contact.eg/en/twenty-third-issuance.html]
[investorrelations.contact.eg/en/twenty-fifth-issuance.html]
[investorrelations.contact.eg/en/twenty-seventh-issuance.html]
[investorrelations.contact.eg/en/twenty-eighths-issuance.html]
[investorrelations.contact.eg/en/twenty-ninth-issuance.html]
[investorrelations.contact.eg/en/30th.html]
[investorrelations.contact.eg/en/31th.html]
[investorrelations.contact.eg/en/32nd.html]
[investorrelations.contact.eg/en/33rd.html]
[investorrelations.contact.eg/en/34th.html]
[investorrelations.contact.eg/en/35th.html]
[investorrelations.contact.eg/en/36th.html]
[investorrelations.contact.eg/en/39th.html]
[investorrelations.contact.eg/en/40th.html]
[investorrelations.contact.eg/en/41st.html]
[investorrelations.contact.eg/en/forty-two.html]
[investorrelations.contact.eg/en/forty-third.html]
[investorrelations.contact.eg/en/forty-forth.html]
[investorrelations.contact.eg/en/securitization-issuances.html]
[investorrelations.contact.eg/ar/sukuk-issuances.html]
[investorrelations.contact.eg/en/1st.html]
[investorrelations.contact.eg/en/2nd.html]
[investorrelations.contact.eg/en/3rd.html]
[investorrelations.contact.eg/en/4th.html]
[investorrelations.contact.eg/en/sukuk-issuances.html]
[investorrelations.contact.eg/ar/corporate-governance-reports.html]
[investorrelations.contact.eg/en/corporate-governance-reports.html]
[investorrelations.contact.eg/ar/audit-reports.html]
[investorrelations.contact.eg/en/audit-reports.html]
[investorrelations.contact.eg/ar/board-of-directors-reports.html]
[investorrelations.contact.eg/en/board-of-directors-reports.html]
[investorrelations.contact.eg/ar/dividends.html]
[investorrelations.contact.eg/en/dividends.html]
[investorrelations.contact.eg/ar/sarwa-life-insurance-money-market-fund.html]
[irfiles.technologyverse.com/srwa/Sarwa-Life-logo.jpg]
[irfiles.technologyverse.com/srwa/ci-capital-logo.png]
[investorrelations.contact.eg/en/sarwa-life-insurance-money-market-fund.html]
[irfiles.technologyverse.com/themes/srwa/working/img/cropped-icon-1-270x270.png]
[irfiles.technologyverse.com/themes/srwa/working/css/main-rtl-new.css]
[investorrelations.contact.eg/clients/srwa/dist/img/logo-ar.png]
[investorrelations.contact.eg/ar/ir-contacts.html]
[investorrelations.contact.eg/ar.html]
[investorrelations.contact.eg/en/ir-contacts.html]
[investorrelations.contact.eg/clients/srwa/dist/img/award.svg]
[investorrelations.contact.eg/clients/srwa/dist/img/award2.svg]
[irfiles.technologyverse.com/themes/common/js/linq.min.js]
[irfiles.technologyverse.com/themes/srwa/working/img/icons/sort-both.png]
[irfiles.technologyverse.com/themes/srwa/working/img/icons/sort-asc.png]
[irfiles.technologyverse.com/themes/srwa/working/img/icons/sort-desc.png]
[irfiles.technologyverse.com/themes/srwa/working/img/icons/play.png]
[investorrelations.contact.eg/en.html]
[investorrelations.contact.eg/ar/at-a-glance.html]
[investorrelations.contact.eg/ar/results-center.html]
[investorrelations.contact.eg/ar/presentations-&-publications.html]
[investorrelations.contact.eg/ar/News-&-Disclosures.html]
[investorrelations.contact.eg/ar/board-&-shareholder-actions.html]
[irfiles.technologyverse.com/themes/common/css/jqueryui/jquery-ui.min.css]
[investorrelations.contact.eg/ar/share-and-corporate-information.html]
[irfiles.technologyverse.com/themes/common/js/jquery-ui-1.11.2.min.js]
[investorrelations.contact.eg/ar/leadership.html]
[investorrelations.contact.eg/ar/securitization-issuances.html]
[jqueryui.com/resources/demos/datepicker/i18n/datepicker-ar.js]
[investorrelations.contact.eg/en/first-issuance.html]
[investorrelations.contact.eg/en/second-issuance.html]
[investorrelations.contact.eg/en/third-issuance.html]
[investorrelations.contact.eg/en/fourth-issuance.html]
[investorrelations.contact.eg/en/fifth-issuance.html]
[investorrelations.contact.eg/en/sixth-issuance.html]
[investorrelations.contact.eg/en/seventh-issuance.html]
[investorrelations.contact.eg/en/eighths-issuance.html]
[investorrelations.contact.eg/en/ninth-issuance.html]
[investorrelations.contact.eg/en/tenth-issuance.html]
[investorrelations.contact.eg/en/eleventh-issuance.html]
[investorrelations.contact.eg/en/twelfth-issuance.html]
[investorrelations.contact.eg/en/thirteenth-issuance.html]
[investorrelations.contact.eg/en/fourteenth-issuance.html]
[investorrelations.contact.eg/en/fifteenth-issuance.html]
[investorrelations.contact.eg/en/sixteenth-issuance.html]
[investorrelations.contact.eg/en/nineteenth-issuance.html]
[investorrelations.contact.eg/en/twentieth-issuance.html]
[investorrelations.contact.eg/en/twenty-second-issuance.html]
[investorrelations.contact.eg/en/twenty-first-issuance.html]
[investorrelations.contact.eg/en/twenty-third-issuance.html]
[investorrelations.contact.eg/en/twenty-fifth-issuance.html]
[investorrelations.contact.eg/en/twenty-seventh-issuance.html]
[investorrelations.contact.eg/en/twenty-eighths-issuance.html]
[investorrelations.contact.eg/en/twenty-ninth-issuance.html]
[investorrelations.contact.eg/en/30th.html]
[investorrelations.contact.eg/en/31th.html]
[investorrelations.contact.eg/en/32nd.html]
[investorrelations.contact.eg/en/33rd.html]
[investorrelations.contact.eg/en/34th.html]
[investorrelations.contact.eg/en/35th.html]
[investorrelations.contact.eg/en/36th.html]
[investorrelations.contact.eg/en/39th.html]
[investorrelations.contact.eg/en/40th.html]
[investorrelations.contact.eg/en/41st.html]
[investorrelations.contact.eg/en/forty-two.html]
[investorrelations.contact.eg/en/forty-third.html]
[investorrelations.contact.eg/en/forty-forth.html]
[investorrelations.contact.eg/ar/sukuk-issuances.html]
[investorrelations.contact.eg/en/1st.html]
[investorrelations.contact.eg/en/2nd.html]
[investorrelations.contact.eg/en/3rd.html]
[investorrelations.contact.eg/en/4th.html]
[investorrelations.contact.eg/ar/corporate-governance-reports.html]
[investorrelations.contact.eg/ar/audit-reports.html]
[investorrelations.contact.eg/ar/board-of-directors-reports.html]
[investorrelations.contact.eg/ar/dividends.html]
[investorrelations.contact.eg/ar/sarwa-life-insurance-money-market-fund.html]
[irfiles.technologyverse.com/themes/srwa/working/css/main-rtl-new.css]
[investorrelations.contact.eg/ar/index.html]
[investorrelations.contact.eg/ar/ir-contacts.html]
[irfiles.technologyverse.com/themes/common/css/jqueryui/images/animated-overlay.gif]
[irfiles.technologyverse.com/themes/common/css/jqueryui/images/ui-bg_flat_75_ffffff_40x100.png]
[irfiles.technologyverse.com/themes/common/css/jqueryui/images/ui-bg_highlight-soft_75_cccccc_1x100.png]
[irfiles.technologyverse.com/themes/common/css/jqueryui/images/ui-bg_glass_75_e6e6e6_1x400.png]
[irfiles.technologyverse.com/themes/common/css/jqueryui/images/ui-bg_glass_75_dadada_1x400.png]
[irfiles.technologyverse.com/themes/common/css/jqueryui/images/ui-bg_glass_65_ffffff_1x400.png]
[irfiles.technologyverse.com/themes/common/css/jqueryui/images/ui-bg_glass_55_fbf9ee_1x400.png]
[irfiles.technologyverse.com/themes/common/css/jqueryui/images/ui-bg_glass_95_fef1ec_1x400.png]
[irfiles.technologyverse.com/themes/common/css/jqueryui/images/ui-icons_222222_256x240.png]
[irfiles.technologyverse.com/themes/common/css/jqueryui/images/ui-icons_888888_256x240.png]
[irfiles.technologyverse.com/themes/common/css/jqueryui/images/ui-icons_454545_256x240.png]
[irfiles.technologyverse.com/themes/common/css/jqueryui/images/ui-icons_2e83ff_256x240.png]
[irfiles.technologyverse.com/themes/common/css/jqueryui/images/ui-icons_cd0a0a_256x240.png]
[irfiles.technologyverse.com/themes/common/css/jqueryui/images/ui-bg_flat_0_aaaaaa_40x100.png]
[irfiles.technologyverse.com/themes/common/css/jqueryui/jquery-ui.min.css]
[investorrelations.contact.eg/en/twenty-first-issuance.html]
[investorrelations.contact.eg/ar/first-issuance.html]
[investorrelations.contact.eg/ar/second-issuance.html]
[investorrelations.contact.eg/ar/third-issuance.html]
[investorrelations.contact.eg/ar/fourth-issuance.html]
[investorrelations.contact.eg/ar/fifth-issuance.html]
[investorrelations.contact.eg/ar/sixth-issuance.html]
[investorrelations.contact.eg/ar/seventh-issuance.html]
[investorrelations.contact.eg/ar/eighths-issuance.html]
[investorrelations.contact.eg/ar/ninth-issuance.html]
[investorrelations.contact.eg/ar/tenth-issuance.html]
[investorrelations.contact.eg/ar/eleventh-issuance.html]
[investorrelations.contact.eg/ar/twelfth-issuance.html]
[investorrelations.contact.eg/ar/thirteenth-issuance.html]
[investorrelations.contact.eg/ar/fourteenth-issuance.html]
[investorrelations.contact.eg/ar/fifteenth-issuance.html]
[investorrelations.contact.eg/ar/sixteenth-issuance.html]
[investorrelations.contact.eg/ar/nineteenth-issuance.html]
[investorrelations.contact.eg/ar/twentieth-issuance.html]
[investorrelations.contact.eg/ar/twenty-second-issuance.html]
[investorrelations.contact.eg/ar/twenty-third-issuance.html]
[investorrelations.contact.eg/ar/twenty-fifth-issuance.html]
[investorrelations.contact.eg/ar/twenty-seventh-issuance.html]
[investorrelations.contact.eg/ar/twenty-eighths-issuance.html]
[investorrelations.contact.eg/ar/twenty-ninth-issuance.html]
[investorrelations.contact.eg/ar/30th.html]
[investorrelations.contact.eg/ar/31th.html]
[investorrelations.contact.eg/ar/32nd.html]
[investorrelations.contact.eg/ar/33rd.html]
[investorrelations.contact.eg/ar/34th.html]
[investorrelations.contact.eg/ar/35th.html]
[investorrelations.contact.eg/ar/36th.html]
[investorrelations.contact.eg/ar/39th.html]
[investorrelations.contact.eg/ar/40th.html]
[investorrelations.contact.eg/ar/41st.html]
[investorrelations.contact.eg/ar/forty-two.html]
[investorrelations.contact.eg/ar/forty-third.html]
[investorrelations.contact.eg/ar/forty-forth.html]
[investorrelations.contact.eg/ar/1st.html]
[investorrelations.contact.eg/ar/2nd.html]
[investorrelations.contact.eg/ar/3rd.html]
[investorrelations.contact.eg/ar/4th.html]
[investorrelations.contact.eg/ar/twenty-first-issuance.html]
